{
  "TestTime": "2026-08-09 12:59:04",
  "TestType": "AutoTest",
  "RptCfg": {
    "DeptName": "",
    "LineName": "",
    "SwitchNo": "777",
    "SwitchModel": "ZN12"
  },
  "Test1RatedPct100": [
    [
      "",
      "",
      "",
      "",
      "A",
      "23.45",
      "1.23  ",
      "123  ",
      "",
      "",
      "",
      "",
      ""
    ],
    [
      "合闸",
      "2.20",
      "1",
      "不合格",
      "B",
      "23.45",
      "1.23  ",
      "123  ",
      "0.58  ",
      "8.8  ",
      "13.4  ",
      "1.32  ",
      "1.45  "
    ],
    [
      "",
      "",
      "",
      "",
      "C",
      "23.45",
      "1.23  ",
      "123  ",
      "",
      "",
      "",
      "",
      ""
    ],
    [
      "",
      "",
      "",
      "",
      "A",
      "23.45  ",
      "-  ",
      "-  ",
      "",
      "",
      "",
      "",
      ""
    ],
    [
      "分闸",
      "2.20",
      "1",
      "合格",
      "B",
      "23.45  ",
      "-  ",
      "-  ",
      "0.58  ",
      "8.8  ",
      "13.4  ",
      "1.32  ",
      "1.45  "
    ],
    [
      "",
      "",
      "",
      "",
      "C",
      "23.45  ",
      "-  ",
      "-  ",
      "",
      "",
      "",
      "",
      ""
    ],
    [
      "",
      "",
      "",
      "",
      "A",
      "23.45",
      "1.23  ",
      "123  ",
      "",
      "",
      "",
      "",
      ""
    ],
    [
      "合闸",
      "2.20",
      "2",
      "不合格",
      "B",
      "23.45",
      "1.23  ",
      "123  ",
      "0.58  ",
      "8.8  ",
      "13.4  ",
      "1.32  ",
      "1.45  "
    ],
    [
      "",
      "",
      "",
      "",
      "C",
      "23.45",
      "1.23  ",
      "123  ",
      "",
      "",
      "",
      "",
      ""
    ],
    [
      "",
      "",
      "",
      "",
      "A",
      "23.45  ",
      "-  ",
      "-  ",
      "",
      "",
      "",
      "",
      ""
    ],
    [
      "分闸",
      "2.20",
      "2",
      "合格",
      "B",
      "23.45  ",
      "-  ",
      "-  ",
      "0.58  ",
      "8.8  ",
      "13.4  ",
      "1.32  ",
      "1.45  "
    ],
    [
      "",
      "",
      "",
      "",
      "C",
      "23.45  ",
      "-  ",
      "-  ",
      "",
      "",
      "",
      "",
      ""
    ]
  ],
  "Test2RcRoPct30": [
    [
      "30%低压合",
      "0.66",
      "1",
      "合格",
      "  -  ",
      "  -  ",
      "  -  ",
      "  -  ",
      "  -  ",
      "  -  ",
      "  -  ",
      "  -  ",
      "  -  "
    ],
    [
      "30%低压合",
      "0.66",
      "2",
      "合格",
      "  -  ",
      "  -  ",
      "  -  ",
      "  -  ",
      "  -  ",
      "  -  ",
      "  -  ",
      "  -  ",
      "  -  "
    ],
    [
      "30%低压分",
      "0.66",
      "1",
      "合格",
      "  -  ",
      "  -  ",
      "  -  ",
      "  -  ",
      "  -  ",
      "  -  ",
      "  -  ",
      "  -  ",
      "  -  "
    ],
    [
      "30%低压分",
      "0.66",
      "2",
      "合格",
      "  -  ",
      "  -  ",
      "  -  ",
      "  -  ",
      "  -  ",
      "  -  ",
      "  -  ",
      "  -  ",
      "  -  "
    ]
  ],
  "Test3RcRoPct32": [
    [
      "32.5%低压合",
      "0.66",
      "1",
      "合格",
      "  -  ",
      "  -  ",
      "  -  ",
      "  -  ",
      "  -  ",
      "  -  ",
      "  -  ",
      "  -  ",
      "  -  "
    ],
    [
      "32.5%低压合",
      "0.66",
      "2",
      "合格",
      "  -  ",
      "  -  ",
      "  -  ",
      "  -  ",
      "  -  ",
      "  -  ",
      "  -  ",
      "  -  ",
      "  -  "
    ],
    [
      "32.5%低压分",
      "0.66",
      "1",
      "合格",
      "  -  ",
      "  -  ",
      "  -  ",
      "  -  ",
      "  -  ",
      "  -  ",
      "  -  ",
      "  -  ",
      "  -  "
    ],
    [
      "32.5%低压分",
      "0.66",
      "2",
      "合格",
      "  -  ",
      "  -  ",
      "  -  ",
      "  -  ",
      "  -  ",
      "  -  ",
      "  -  ",
      "  -  ",
      "  -  "
    ]
  ],
  "TestDiyTlv": [
    [
      "85%储能",
      "220",
      "1",
      "故障",
      "  -  ",
      "  -  ",
      "  -  ",
      "  -  ",
      "  -  ",
      "  -  ",
      "  -  ",
      "  -  ",
      "  -  "
    ],
    [
      "80%合闸",
      "1.76",
      "1",
      "合格",
      "  -  ",
      "  -  ",
      "  -  ",
      "  -  ",
      "  -  ",
      "  -  ",
      "  -  ",
      "  -  ",
      "  -  "
    ],
    [
      "62.5%分闸",
      "1.37",
      "1",
      "合格",
      "  -  ",
      "  -  ",
      "  -  ",
      "  -  ",
      "  -  ",
      "  -  ",
      "  -  ",
      "  -  ",
      "  -  "
    ],
    [
      "85%储能",
      "220",
      "2",
      "故障",
      "  -  ",
      "  -  ",
      "  -  ",
      "  -  ",
      "  -  ",
      "  -  ",
      "  -  ",
      "  -  ",
      "  -  "
    ],
    [
      "80%合闸",
      "1.76",
      "2",
      "合格",
      "  -  ",
      "  -  ",
      "  -  ",
      "  -  ",
      "  -  ",
      "  -  ",
      "  -  ",
      "  -  ",
      "  -  "
    ],
    [
      "62.5%分闸",
      "1.37",
      "2",
      "合格",
      "  -  ",
      "  -  ",
      "  -  ",
      "  -  ",
      "  -  ",
      "  -  ",
      "  -  ",
      "  -  ",
      "  -  "
    ]
  ],
  "Test5LowPct8565": [
    [
      "85%储能",
      "220",
      "1",
      "故障",
      "  -  ",
      "  -  ",
      "  -  ",
      "  -  ",
      "  -  ",
      "  -  ",
      "  -  ",
      "  -  ",
      "  -  "
    ],
    [
      "80%合闸",
      "0.70",
      "1",
      "合格",
      "  -  ",
      "  -  ",
      "  -  ",
      "  -  ",
      "  -  ",
      "  -  ",
      "  -  ",
      "  -  ",
      "  -  "
    ],
    [
      "65%分闸",
      "0.60",
      "1",
      "合格",
      "  -  ",
      "  -  ",
      "  -  ",
      "  -  ",
      "  -  ",
      "  -  ",
      "  -  ",
      "  -  ",
      "  -  "
    ],
    [
      "85%储能",
      "220",
      "2",
      "故障",
      "  -  ",
      "  -  ",
      "  -  ",
      "  -  ",
      "  -  ",
      "  -  ",
      "  -  ",
      "  -  ",
      "  -  "
    ],
    [
      "80%合闸",
      "0.70",
      "2",
      "合格",
      "  -  ",
      "  -  ",
      "  -  ",
      "  -  ",
      "  -  ",
      "  -  ",
      "  -  ",
      "  -  ",
      "  -  "
    ],
    [
      "65%分闸",
      "0.60",
      "2",
      "合格",
      "  -  ",
      "  -  ",
      "  -  ",
      "  -  ",
      "  -  ",
      "  -  ",
      "  -  ",
      "  -  ",
      "  -  "
    ]
  ],
  "TestDiyThv": [
    [
      "100%储能",
      "220",
      "1",
      "故障",
      "  -  ",
      "  -  ",
      "  -  ",
      "  -  ",
      "  -  ",
      "  -  ",
      "  -  ",
      "  -  ",
      "  -  "
    ],
    [
      "110%合闸",
      "2.42",
      "1",
      "合格",
      "  -  ",
      "  -  ",
      "  -  ",
      "  -  ",
      "  -  ",
      "  -  ",
      "  -  ",
      "  -  ",
      "  -  "
    ],
    [
      "120%分闸",
      "2.64",
      "1",
      "合格",
      "  -  ",
      "  -  ",
      "  -  ",
      "  -  ",
      "  -  ",
      "  -  ",
      "  -  ",
      "  -  ",
      "  -  "
    ],
    [
      "100%储能",
      "220",
      "2",
      "故障",
      "  -  ",
      "  -  ",
      "  -  ",
      "  -  ",
      "  -  ",
      "  -  ",
      "  -  ",
      "  -  ",
      "  -  "
    ],
    [
      "110%合闸",
      "2.42",
      "2",
      "合格",
      "  -  ",
      "  -  ",
      "  -  ",
      "  -  ",
      "  -  ",
      "  -  ",
      "  -  ",
      "  -  ",
      "  -  "
    ],
    [
      "120%分闸",
      "2.64",
      "2",
      "合格",
      "  -  ",
      "  -  ",
      "  -  ",
      "  -  ",
      "  -  ",
      "  -  ",
      "  -  ",
      "  -  ",
      "  -  "
    ]
  ],
  "Test7AntiPumping": [
    [
      "防跳跃",
      "2.20",
      "1",
      "合格",
      "  -  ",
      "  -  ",
      "  -  ",
      "  -  ",
      "  -  ",
      "  -  ",
      "  -  ",
      "  -  ",
      "  -  "
    ],
    [
      "防跳跃",
      "2.20",
      "2",
      "合格",
      "  -  ",
      "  -  ",
      "  -  ",
      "  -  ",
      "  -  ",
      "  -  ",
      "  -  ",
      "  -  ",
      "  -  "
    ]
  ],
  "Test8ReClose": [
    [
      "试验类型",
      "试验电压 ",
      "试验次序",
      "结果",
      "相别",
      "无流时间 ",
      "金短时间 ",
      "",
      "",
      "",
      "",
      "",
      ""
    ],
    [
      "",
      "2.11",
      "1",
      "合格",
      "A",
      "313.05  ",
      "32.39  ",
      "  -  ",
      "  -  ",
      "  -  ",
      "  -  ",
      "  -  ",
      "  -  "
    ],
    [
      "重合闸",
      "2.11",
      "1",
      "合格",
      "B",
      "313.05  ",
      "31.05  ",
      "  -  ",
      "  -  ",
      "  -  ",
      "  -  ",
      "  -  ",
      "  -  "
    ],
    [
      "",
      "2.11",
      "1",
      "合格",
      "C",
      "313.00  ",
      "32.28  ",
      "  -  ",
      "  -  ",
      "  -  ",
      "  -  ",
      "  -  ",
      "  -  "
    ],
    [
      "",
      "2.11",
      "2",
      "合格",
      "A",
      "313.05  ",
      "32.39  ",
      "  -  ",
      "  -  ",
      "  -  ",
      "  -  ",
      "  -  ",
      "  -  "
    ],
    [
      "重合闸",
      "2.11",
      "2",
      "合格",
      "B",
      "313.05  ",
      "31.05  ",
      "  -  ",
      "  -  ",
      "  -  ",
      "  -  ",
      "  -  ",
      "  -  "
    ],
    [
      "",
      "2.11",
      "2",
      "合格",
      "C",
      "313.00  ",
      "32.28  ",
      "  -  ",
      "  -  ",
      "  -  ",
      "  -  ",
      "  -  ",
      "  -  "
    ]
  ]
}